true
false
2
0
0
1
3.140000000
3.140000000
true
true
true
false
false
false
